packages/management-api/src/routes/frontend.ts(374,9): error TS2345: Argument of type 'string | undefined' is not assignable to parameter of type 'string'.
  Type 'undefined' is not assignable to type 'string'.
packages/management-api/src/routes/webhook.ts(197,9): error TS2345: Argument of type 'string | undefined' is not assignable to parameter of type 'string'.
  Type 'undefined' is not assignable to type 'string'.
packages/management-api/src/services/index.ts(7,27): error TS2724: '"./frontend.service"' has no exported member named 'FrontendService'. Did you mean 'frontendService'?
